<?xml version="1.0" encoding="utf-8"?><testsuites name="pytest tests"><testsuite name="pytest" errors="0" failures="0" skipped="1" tests="348" time="6.342" timestamp="2026-07-21T14:45:51.995471+03:00" hostname="Andreis-MacBook-Pro.local"><testcase classname="deduplication.tests.mapwisefox.deduplication.test_deduper" name="test_clean_value[  Hello  -hello]" time="0.025" /><testcase classname="deduplication.tests.mapwisefox.deduplication.test_deduper" name="test_clean_value['Hello'-hello]" time="0.000" /><testcase classname="deduplication.tests.mapwisefox.deduplication.test_deduper" name="test_clean_value[&quot;Hello&quot;-hello]" time="0.000" /><testcase classname="deduplication.tests.mapwisefox.deduplication.test_deduper" name="test_clean_value[\nHello\t-hello]" time="0.000" /><testcase classname="deduplication.tests.mapwisefox.deduplication.test_deduper" name="test_clean_value[123-123]" time="0.000" /><testcase classname="deduplication.tests.mapwisefox.deduplication.test_deduper" name="test_clean_value[None-none]" time="0.000" /><testcase classname="deduplication.tests.mapwisefox.deduplication.test_deduper" name="test_clean_record" time="0.001" /><testcase classname="deduplication.tests.mapwisefox.deduplication.test_deduper" name="test_url_relevance[https://doi.org/10.1-1]" time="0.000" /><testcase classname="deduplication.tests.mapwisefox.deduplication.test_deduper" name="test_url_relevance[https://google.com-2]" time="0.000" /><testcase classname="deduplication.tests.mapwisefox.deduplication.test_deduper" name="test_url_relevance[N/A-0]" time="0.000" /><testcase classname="deduplication.tests.mapwisefox.deduplication.test_deduper" name="test_url_relevance[None-0]" time="0.000" /><testcase classname="deduplication.tests.mapwisefox.deduplication.test_deduper" name="test_merge_cluster_representative_selection" time="0.001" /><testcase classname="deduplication.tests.mapwisefox.deduplication.test_deduper" name="test_merge_cluster_keyword_aggregation" time="0.000" /><testcase classname="deduplication.tests.mapwisefox.deduplication.test_deduper" name="test_merge_clusters_aggregates_multiple_groups" time="0.002" /><testcase classname="deduplication.tests.mapwisefox.deduplication.test_deduper" name="test_setup_deduper_uses_pretrained" time="0.002" /><testcase classname="deduplication.tests.mapwisefox.deduplication.test_deduper" name="test_setup_deduper_trains_new" time="0.002" /><testcase classname="deduplication.tests.mapwisefox.deduplication.test_deduper" name="test_run_dedupe_adds_columns" time="0.002" /><testcase classname="deduplication.tests.mapwisefox.deduplication.test_input_loaders" name="test_load_csv_with_wos_mappings" time="0.002" /><testcase classname="deduplication.tests.mapwisefox.deduplication.test_input_loaders" name="test_load_csv_with_xplore_mappings" time="0.001" /><testcase classname="deduplication.tests.mapwisefox.deduplication.test_input_loaders" name="test_load_csv_fills_na_values" time="0.001" /><testcase classname="deduplication.tests.mapwisefox.deduplication.test_input_loaders" name="test_load_bib_standard_fields" time="0.005" /><testcase classname="deduplication.tests.mapwisefox.deduplication.test_input_loaders" name="test_load_bib_handles_missing_abstract" time="0.003" /><testcase classname="deduplication.tests.mapwisefox.deduplication.test_input_loaders" name="test_load_bib_formats_authors" time="0.004" /><testcase classname="deduplication.tests.mapwisefox.deduplication.test_input_loaders" name="test_load_input_files_aggregates_csv_and_bib" time="0.006" /><testcase classname="deduplication.tests.mapwisefox.deduplication.test_input_loaders" name="test_load_input_files_handles_empty_dir" time="0.001" /><testcase classname="deduplication.tests.mapwisefox.deduplication.test_main" name="test_main_success_flow" time="0.002" /><testcase classname="deduplication.tests.mapwisefox.deduplication.test_main" name="test_main_invalid_input_dir" time="0.001" /><testcase classname="deduplication.tests.mapwisefox.deduplication.test_main" name="test_main_creates_output_dir" time="0.002" /><testcase classname="metrics.tests.mapwisefox.test_metrics.test_ccc" name="test_basic_cases[x0-y0-1]" time="0.001" /><testcase classname="metrics.tests.mapwisefox.test_metrics.test_ccc" name="test_basic_cases[x1-y1--1]" time="0.000" /><testcase classname="metrics.tests.mapwisefox.test_metrics.test_ccc" name="test_basic_cases[x2-y2-0.9945]" time="0.000" /><testcase classname="metrics.tests.mapwisefox.test_metrics.test_ccc" name="test_offset_penalty" time="0.000" /><testcase classname="metrics.tests.mapwisefox.test_metrics.test_ccc" name="test_close_variance" time="0.000" /><testcase classname="metrics.tests.mapwisefox.test_metrics.test_ccc" name="test_scale_distorsion" time="0.000" /><testcase classname="metrics.tests.mapwisefox.test_metrics.test_ccc" name="test_single_element" time="0.000" /><testcase classname="metrics.tests.mapwisefox.test_metrics.test_ccc" name="test_symmetry" time="0.000" /><testcase classname="metrics.tests.mapwisefox.test_metrics.test_ccc" name="test_sign_flip" time="0.000" /><testcase classname="metrics.tests.mapwisefox.test_metrics.test_ccc" name="test_translation" time="0.000" /><testcase classname="metrics.tests.mapwisefox.test_metrics.test_ccc" name="test_scale" time="0.000" /><testcase classname="metrics.tests.mapwisefox.test_metrics.test_ccc" name="test_zero_variance" time="0.000" /><testcase classname="metrics.tests.mapwisefox.test_metrics.test_ccc" name="test_one_constant" time="0.000" /><testcase classname="metrics.tests.mapwisefox.test_metrics.test_icc" name="test_icc_disagreement[ICC1-0.1657]" time="0.001" /><testcase classname="metrics.tests.mapwisefox.test_metrics.test_icc" name="test_icc_disagreement[ICC2-0.2898]" time="0.000" /><testcase classname="metrics.tests.mapwisefox.test_metrics.test_icc" name="test_icc_disagreement[ICC3-0.7148]" time="0.000" /><testcase classname="metrics.tests.mapwisefox.test_metrics.test_icc" name="test_icc_complete_agreement[ICC1]" time="0.000" /><testcase classname="metrics.tests.mapwisefox.test_metrics.test_icc" name="test_icc_complete_agreement[ICC2]" time="0.000" /><testcase classname="metrics.tests.mapwisefox.test_metrics.test_icc" name="test_icc_complete_agreement[ICC3]" time="0.000" /><testcase classname="metrics.tests.mapwisefox.test_metrics.test_icc" name="test_icc_much_noise[ICC1]" time="0.000" /><testcase classname="metrics.tests.mapwisefox.test_metrics.test_icc" name="test_icc_much_noise[ICC2]" time="0.000" /><testcase classname="metrics.tests.mapwisefox.test_metrics.test_icc" name="test_icc_much_noise[ICC3]" time="0.000" /><testcase classname="search.tests.mapwisefox.search.dsl.adapters.test_acm" name="test_sanity[&quot;machine learning&quot; in title-Title:&quot;machine learning&quot;-expected_filters0]" time="0.084" /><testcase classname="search.tests.mapwisefox.search.dsl.adapters.test_acm" name="test_sanity[&quot;machine learning&quot; in title,abstract-(Title:&quot;machine learning&quot; OR Abstract:&quot;machine learning&quot;)-expected_filters1]" time="0.000" /><testcase classname="search.tests.mapwisefox.search.dsl.adapters.test_acm" name="test_sanity[&quot;machine learning&quot; in title &amp; &quot;conference&quot; in evidence_type-Title:&quot;machine learning&quot;-expected_filters2]" time="0.001" /><testcase classname="search.tests.mapwisefox.search.dsl.adapters.test_acm" name="test_sanity[(&quot;image processing&quot; &amp; &quot;CNN&quot;) in abstract-Abstract:(&quot;image processing&quot; AND &quot;CNN&quot;)-expected_filters3]" time="0.001" /><testcase classname="search.tests.mapwisefox.search.dsl.adapters.test_acm" name="test_ersa_query" time="0.004" /><testcase classname="search.tests.mapwisefox.search.dsl.adapters.test_science_direct" name="test_sanity_check[&quot;machine learning&quot; in title-TITLE(&quot;machine learning&quot;)]" time="0.001" /><testcase classname="search.tests.mapwisefox.search.dsl.adapters.test_science_direct" name="test_sanity_check[&quot;machine learning&quot; in title, abstract-(TITLE(&quot;machine learning&quot;) OR ABSTRACT(&quot;machine learning&quot;))]" time="0.000" /><testcase classname="search.tests.mapwisefox.search.dsl.adapters.test_science_direct" name="test_sanity_check[&quot;machine learning&quot; in title,abstract &amp; &quot;kitten&quot; in keywords-(TITLE(&quot;machine learning&quot;) OR ABSTRACT(&quot;machine learning&quot;)) AND KEYWORDS(&quot;kitten&quot;)]" time="0.000" /><testcase classname="search.tests.mapwisefox.search.dsl.adapters.test_science_direct" name="test_ersa_query" time="0.002" /><testcase classname="search.tests.mapwisefox.search.dsl.adapters.test_scopus" name="test_sanity_check[&quot;machine learning&quot; in title-TITLE(&quot;machine learning&quot;)]" time="0.001" /><testcase classname="search.tests.mapwisefox.search.dsl.adapters.test_scopus" name="test_sanity_check[&quot;machine learning&quot; in title, abstract-TITLE-ABS(&quot;machine learning&quot;)]" time="0.000" /><testcase classname="search.tests.mapwisefox.search.dsl.adapters.test_scopus" name="test_sanity_check[&quot;machine learning&quot; in title &amp; &quot;machine learning&quot; in abstract-TITLE(&quot;machine learning&quot;) AND ABS(&quot;machine learning&quot;)]" time="0.000" /><testcase classname="search.tests.mapwisefox.search.dsl.adapters.test_scopus" name="test_near[near[5](&quot;machine&quot;, &quot;learning&quot;) in title-TITLE(&quot;machine&quot; W/5 &quot;learning&quot;)]" time="0.001" /><testcase classname="search.tests.mapwisefox.search.dsl.adapters.test_scopus" name="test_near[near[5](&quot;machine&quot;, &quot;learning&quot;) in title, abstract-TITLE-ABS(&quot;machine&quot; W/5 &quot;learning&quot;)]" time="0.000" /><testcase classname="search.tests.mapwisefox.search.dsl.adapters.test_scopus" name="test_near[near[5](&quot;machine&quot;, &quot;learning&quot;) in title &amp; &quot;kitten&quot; in abstract-TITLE(&quot;machine&quot; W/5 &quot;learning&quot;) AND ABS(&quot;kitten&quot;)]" time="0.000" /><testcase classname="search.tests.mapwisefox.search.dsl.adapters.test_scopus" name="test_ersa_query" time="0.002" /><testcase classname="search.tests.mapwisefox.search.dsl.adapters.test_springer" name="test_springer_sanity_check[&quot;machine learning&quot; in title--expected_regex0]" time="0.001" /><testcase classname="search.tests.mapwisefox.search.dsl.adapters.test_springer" name="test_springer_sanity_check[&quot;machine learning&quot; in title, abstract--expected_regex1]" time="0.000" /><testcase classname="search.tests.mapwisefox.search.dsl.adapters.test_springer" name="test_springer_sanity_check[&quot;machine learning&quot; in title &amp; &quot;machine learning&quot; in abstract--expected_regex2]" time="0.000" /><testcase classname="search.tests.mapwisefox.search.dsl.adapters.test_springer" name="test_springer_sanity_check[&quot;machine learning&quot; in title &amp; &quot;machine learning&quot; in keyword-keyword:&quot;machine learning&quot;-expected_regex3]" time="0.000" /><testcase classname="search.tests.mapwisefox.search.dsl.adapters.test_springer" name="test_springer_near[near[5](&quot;machine&quot;, &quot;learning&quot;) in keyword-keyword:&quot;machine&quot; NEAR/5 &quot;learning&quot;-expected_regex0]" time="0.000" /><testcase classname="search.tests.mapwisefox.search.dsl.adapters.test_springer" name="test_springer_near[near[5](&quot;machine&quot;, &quot;learning&quot;) in title--expected_regex1]" time="0.000" /><testcase classname="search.tests.mapwisefox.search.dsl.adapters.test_springer" name="test_springer_near[near[5](&quot;machine&quot;, &quot;learning&quot;) in title, keyword-keyword:&quot;machine&quot; NEAR/5 &quot;learning&quot;-expected_regex2]" time="0.001" /><testcase classname="search.tests.mapwisefox.search.dsl.adapters.test_springer" name="test_ersa_query" time="0.002" /><testcase classname="search.tests.mapwisefox.search.dsl.adapters.test_wos" name="test_sanity_check[&quot;machine learning&quot; in title-TI=(&quot;machine learning&quot;)]" time="0.001" /><testcase classname="search.tests.mapwisefox.search.dsl.adapters.test_wos" name="test_sanity_check[&quot;machine learning&quot; in title, abstract-(TI=(&quot;machine learning&quot;) OR AB=(&quot;machine learning&quot;))]" time="0.000" /><testcase classname="search.tests.mapwisefox.search.dsl.adapters.test_wos" name="test_sanity_check[&quot;machine learning&quot; in title,abstract &amp; &quot;kitten&quot; in keywords-(TI=(&quot;machine learning&quot;) OR AB=(&quot;machine learning&quot;)) AND AK=(&quot;kitten&quot;)]" time="0.000" /><testcase classname="search.tests.mapwisefox.search.dsl.adapters.test_wos" name="test_near[near[5](&quot;machine&quot;, &quot;learning&quot;) in title-TI=(&quot;machine&quot; NEAR/5 &quot;learning&quot;)]" time="0.000" /><testcase classname="search.tests.mapwisefox.search.dsl.adapters.test_wos" name="test_near[near[5](&quot;machine&quot;, &quot;learning&quot;) in title, abstract-(TI=(&quot;machine&quot; NEAR/5 &quot;learning&quot;) OR AB=(&quot;machine&quot; NEAR/5 &quot;learning&quot;))]" time="0.000" /><testcase classname="search.tests.mapwisefox.search.dsl.adapters.test_wos" name="test_near[near[5](&quot;machine&quot;, &quot;learning&quot;) in title &amp; &quot;kitten&quot; in keywords-TI=(&quot;machine&quot; NEAR/5 &quot;learning&quot;) AND AK=(&quot;kitten&quot;)]" time="0.001" /><testcase classname="search.tests.mapwisefox.search.dsl.adapters.test_wos" name="test_ersa_query" time="0.002" /><testcase classname="search.tests.mapwisefox.search.dsl.adapters.test_xplore" name="test_sanity_check[&quot;machine learning&quot; in title-&quot;Document Title&quot;:&quot;machine learning&quot;]" time="0.001" /><testcase classname="search.tests.mapwisefox.search.dsl.adapters.test_xplore" name="test_sanity_check[&quot;machine learning&quot; in title, abstract-(&quot;Document Title&quot;:&quot;machine learning&quot; OR &quot;Abstract&quot;:&quot;machine learning&quot;)]" time="0.000" /><testcase classname="search.tests.mapwisefox.search.dsl.adapters.test_xplore" name="test_sanity_check[&quot;machine learning&quot; in title,abstract &amp; &quot;kitten&quot; in keywords-(&quot;Document Title&quot;:&quot;machine learning&quot; OR &quot;Abstract&quot;:&quot;machine learning&quot;) AND &quot;Author Keywords&quot;:&quot;kitten&quot;]" time="0.000" /><testcase classname="search.tests.mapwisefox.search.dsl.adapters.test_xplore" name="test_ersa_query" time="0.002" /><testcase classname="search.tests.mapwisefox.search.dsl.parser.test_base" name="test_adapt_query" time="0.000" /><testcase classname="search.tests.mapwisefox.search.dsl.parser.test_base" name="test_adapt_value" time="0.000" /><testcase classname="search.tests.mapwisefox.search.dsl.parser.test_base" name="test_adapt_date[2010-None-after-abc-abc(2010,None,after)]" time="0.000" /><testcase classname="search.tests.mapwisefox.search.dsl.parser.test_base" name="test_adapt_date[2010-2011-between-abc-abc(2010,2011,between)]" time="0.000" /><testcase classname="search.tests.mapwisefox.search.dsl.parser.test_base" name="test_adapt_date[None-2011-before-abc-abc(None,2011,before)]" time="0.000" /><testcase classname="search.tests.mapwisefox.search.dsl.parser.test_base" name="test_adapt_binary" time="0.000" /><testcase classname="search.tests.mapwisefox.search.dsl.parser.test_base" name="test_adapt_unary" time="0.000" /><testcase classname="search.tests.mapwisefox.search.dsl.parser.test_base" name="test_adapt_group" time="0.000" /><testcase classname="search.tests.mapwisefox.search.dsl.parser.test_base" name="test_adapt_match_approx" time="0.000" /><testcase classname="search.tests.mapwisefox.search.dsl.parser.test_base" name="test_adapt_near_default" time="0.000" /><testcase classname="search.tests.mapwisefox.search.dsl.parser.test_base" name="test_adapt_near_with_fields" time="0.000" /><testcase classname="search.tests.mapwisefox.search.dsl.parser.test_base" name="test_adapt_match_match" time="0.000" /><testcase classname="search.tests.mapwisefox.search.dsl.parser.test_base" name="test_adapt_output_query" time="0.000" /><testcase classname="search.tests.mapwisefox.search.dsl.parser.test_base" name="test_adapt_output_filter" time="0.000" /><testcase classname="search.tests.mapwisefox.search.dsl.parser.test_base" name="test_adapt_unregistered" time="0.000" /><testcase classname="search.tests.mapwisefox.search.dsl.parser.test_parser" name="test_quotes_stripped" time="0.011" /><testcase classname="search.tests.mapwisefox.search.dsl.parser.test_parser" name="test_no_fields_when_attr_absent" time="0.000" /><testcase classname="search.tests.mapwisefox.search.dsl.parser.test_parser" name="test_multi_field" time="0.000" /><testcase classname="search.tests.mapwisefox.search.dsl.parser.test_parser" name="test_simple_and" time="0.000" /><testcase classname="search.tests.mapwisefox.search.dsl.parser.test_parser" name="test_simple_or" time="0.000" /><testcase classname="search.tests.mapwisefox.search.dsl.parser.test_parser" name="test_not[!&quot;a&quot;-a-fields0]" time="0.000" /><testcase classname="search.tests.mapwisefox.search.dsl.parser.test_parser" name="test_not[!&quot;a&quot; in title-a-fields1]" time="0.000" /><testcase classname="search.tests.mapwisefox.search.dsl.parser.test_parser" name="test_not[!&quot;a&quot; in title, abstract-a-fields2]" time="0.000" /><testcase classname="search.tests.mapwisefox.search.dsl.parser.test_parser" name="test_group_preserved" time="0.000" /><testcase classname="search.tests.mapwisefox.search.dsl.parser.test_parser" name="test_group_carries_fields" time="0.000" /><testcase classname="search.tests.mapwisefox.search.dsl.parser.test_parser" name="test_nested" time="0.000" /><testcase classname="search.tests.mapwisefox.search.dsl.parser.test_parser" name="test_approx" time="0.000" /><testcase classname="search.tests.mapwisefox.search.dsl.parser.test_parser" name="test_near[near [5] (&quot;a&quot;, &quot;b&quot;) in abstract-5-a-b-fields0]" time="0.000" /><testcase classname="search.tests.mapwisefox.search.dsl.parser.test_parser" name="test_near[near[5](&quot;a&quot;,&quot;b&quot;) in abstract-5-a-b-fields1]" time="0.000" /><testcase classname="search.tests.mapwisefox.search.dsl.parser.test_parser" name="test_near[near[5](&quot;a&quot;, &quot;b&quot;)-5-a-b-fields2]" time="0.000" /><testcase classname="search.tests.mapwisefox.search.dsl.parser.test_parser" name="test_near[near[10](&quot;machine&quot;, &quot;learning&quot;) in title-10-machine-learning-fields3]" time="0.000" /><testcase classname="search.tests.mapwisefox.search.dsl.parser.test_parser" name="test_near_requires_two_values" time="0.000" /><testcase classname="search.tests.mapwisefox.search.dsl.parser.test_parser" name="test_match_typed[strict]" time="0.000" /><testcase classname="search.tests.mapwisefox.search.dsl.parser.test_parser" name="test_match_typed[loose]" time="0.000" /><testcase classname="search.tests.mapwisefox.search.dsl.parser.test_parser" name="test_match_typed[regex]" time="0.000" /><testcase classname="search.tests.mapwisefox.search.dsl.parser.test_parser" name="test_output_query_target" time="0.000" /><testcase classname="search.tests.mapwisefox.search.dsl.parser.test_parser" name="test_all_output_targets[query-query]" time="0.000" /><testcase classname="search.tests.mapwisefox.search.dsl.parser.test_parser" name="test_all_output_targets[filter-filter]" time="0.000" /><testcase classname="search.tests.mapwisefox.search.dsl.parser.test_parser" name="test_no_attr_clause_in_final_ast" time="0.000" /><testcase classname="search.tests.mapwisefox.search.dsl.parser.test_parser" name="test_all_expr_nodes_have_fields_attr" time="0.000" /><testcase classname="search.tests.mapwisefox.search.dsl.parser.test_parser" name="test_unterminated_string" time="0.001" /><testcase classname="search.tests.mapwisefox.search.dsl.parser.test_parser" name="test_unknown_match_op" time="0.000" /><testcase classname="search.tests.mapwisefox.search.dsl.parser.test_regex_handling" name="test_match_regex[match[regex](&quot;a\\s+b&quot;)-fields0-a\\s+b]" time="0.011" /><testcase classname="search.tests.mapwisefox.search.dsl.parser.test_regex_handling" name="test_match_regex[match[regex](&quot;a\\s+b&quot;) in title-fields1-a\\s+b]" time="0.000" /><testcase classname="search.tests.mapwisefox.search.dsl.parser.test_regex_handling" name="test_match_regex[match[regex](&quot;a\\s+b&quot;) in title,keywords-fields2-a\\s+b]" time="0.000" /><testcase classname="search.tests.mapwisefox.search.dsl.parser.test_regex_handling" name="test_match_regex[(match[regex](&quot;a\\s+b&quot;)) in title,keywords-fields3-a\\s+b]" time="0.000" /><testcase classname="search.tests.mapwisefox.search.dsl.parser.test_regex_handling" name="test_regex_field_in_value_expr[&quot;amazing&quot; in regex_field-stub_adapter0--fields0-amazing]" time="0.000" /><testcase classname="search.tests.mapwisefox.search.dsl.parser.test_regex_handling" name="test_regex_field_in_value_expr[!&quot;amazing&quot; in regex_field-stub_adapter1--fields1-^(?!.*amazing)]" time="0.000" /><testcase classname="search.tests.mapwisefox.search.dsl.parser.test_regex_handling" name="test_regex_field_in_value_expr[&quot;amazing&quot; in regex_field,normal-stub_adapter2-VAL(amazing in ['normal'])-fields2-amazing]" time="0.000" /><testcase classname="search.tests.mapwisefox.search.dsl.parser.test_regex_handling" name="test_regex_field_in_value_expr[&quot;amazing&quot; in regex_field &amp; &quot;b&quot; in normal-stub_adapter3-VAL(b in ['normal'])-fields3-amazing]" time="0.000" /><testcase classname="search.tests.mapwisefox.search.dsl.parser.test_regex_handling" name="test_regex_field_in_value_expr[&quot;a&quot; in regex_field &amp; ((&quot;b&quot; in normal) | (&quot;c&quot; in regex_field))-stub_adapter4-VAL(b in ['normal'])-fields4-^(?=.*a)(?=.*c)]" time="0.001" /><testcase classname="search.tests.mapwisefox.search.dsl.parser.test_regex_handling" name="test_regex_field_in_value_expr[&quot;a&quot; in regex_field &amp; (&quot;b&quot; in normal | !&quot;c&quot; in regex_field)-stub_adapter5-VAL(b in ['normal'])-fields5-^(?=.*a)(?!.*c)]" time="0.000" /><testcase classname="search.tests.mapwisefox.search.dsl.parser.test_regex_handling" name="test_regex_field_in_value_expr[&quot;a&quot; in regex_field &amp; (!&quot;b&quot; in normal | &quot;c&quot; in regex_field)-stub_adapter6-NOT VAL(b in ['normal'])-fields6-^(?=.*a)(?=.*c)]" time="0.000" /><testcase classname="search.tests.mapwisefox.search.dsl.parser.test_regex_handling" name="test_regex_field_in_value_expr[(&quot;a&quot;|&quot;b&quot;) in regex_field &amp; &quot;c&quot;-stub_adapter7-VAL(c)-fields7-(a|b)]" time="0.000" /><testcase classname="search.tests.mapwisefox.search.dsl.parser.test_regex_handling" name="test_regex_field_in_value_expr[(&quot;a&quot; in regex_field) in normal-stub_adapter8--fields8-a]" time="0.000" /><testcase classname="search.tests.mapwisefox.search.dsl.parser.test_regex_handling" name="test_regex_field_in_value_expr[(&quot;a&quot;|(&quot;b&quot;&amp;&quot;c&quot;)) in regex_field-stub_adapter9--fields9-^(?=.*b)(?=.*c)a]" time="0.000" /><testcase classname="search.tests.mapwisefox.search.dsl.parser.test_regex_handling" name="test_regex_field_in_value_expr[(&quot;a&quot;|(!&quot;b&quot;&amp;!&quot;c&quot;)) in regex_field-stub_adapter10--fields10-^(?!.*b)(?!.*c)a]" time="0.000" /><testcase classname="search.tests.mapwisefox.search.dsl.parser.test_regex_handling" name="test_near_regex_fallback[near[5](&quot;machine&quot;, &quot;learning&quot;) in regex_field-stub_adapter0--fields0-^(?=.*(?:\\bmachine\\b(?:\\W+\\w+){0,5}\\W+\\blearning\\b|\\blearning\\b(?:\\W+\\w+){0,5}\\W+\\bmachine\\b))]" time="0.000" /><testcase classname="search.tests.mapwisefox.search.dsl.parser.test_regex_handling" name="test_near_regex_fallback[near[0](&quot;a&quot;, &quot;b&quot;) in regex_field-stub_adapter1--fields1-^(?=.*(?:\\ba\\b(?:\\W+\\w+){0,0}\\W+\\bb\\b|\\bb\\b(?:\\W+\\w+){0,0}\\W+\\ba\\b))]" time="0.000" /><testcase classname="search.tests.mapwisefox.search.dsl.parser.test_valid_expressions" name="test_all_valid_expressions_parse" time="0.012" /><testcase classname="search.tests.mapwisefox.search.dsl.parser.test_valid_expressions" name="test_individual_valid_expression[0]" time="0.000" /><testcase classname="search.tests.mapwisefox.search.dsl.parser.test_valid_expressions" name="test_individual_valid_expression[1]" time="0.000" /><testcase classname="search.tests.mapwisefox.search.dsl.parser.test_valid_expressions" name="test_individual_valid_expression[2]" time="0.000" /><testcase classname="search.tests.mapwisefox.search.dsl.parser.test_valid_expressions" name="test_individual_valid_expression[3]" time="0.000" /><testcase classname="search.tests.mapwisefox.search.dsl.parser.test_valid_expressions" name="test_individual_valid_expression[4]" time="0.000" /><testcase classname="search.tests.mapwisefox.search.dsl.parser.test_valid_expressions" name="test_individual_valid_expression[5]" time="0.000" /><testcase classname="search.tests.mapwisefox.search.dsl.parser.test_valid_expressions" name="test_individual_valid_expression[6]" time="0.000" /><testcase classname="search.tests.mapwisefox.search.dsl.parser.test_valid_expressions" name="test_individual_valid_expression[7]" time="0.000" /><testcase classname="search.tests.mapwisefox.search.dsl.parser.test_valid_expressions" name="test_individual_valid_expression[8]" time="0.000" /><testcase classname="search.tests.mapwisefox.search.dsl.parser.test_valid_expressions" name="test_individual_valid_expression[9]" time="0.000" /><testcase classname="search.tests.mapwisefox.search.dsl.parser.test_valid_expressions" name="test_individual_valid_expression[10]" time="0.000" /><testcase classname="search.tests.mapwisefox.search.dsl.parser.test_valid_expressions" name="test_individual_valid_expression[11]" time="0.000" /><testcase classname="search.tests.mapwisefox.search.dsl.parser.test_valid_expressions" name="test_individual_valid_expression[12]" time="0.000" /><testcase classname="search.tests.mapwisefox.search.dsl.parser.test_valid_expressions" name="test_individual_valid_expression[13]" time="0.000" /><testcase classname="search.tests.mapwisefox.search.dsl.parser.test_valid_expressions" name="test_individual_valid_expression[14]" time="0.000" /><testcase classname="search.tests.mapwisefox.search.dsl.parser.test_valid_expressions" name="test_individual_valid_expression[15]" time="0.000" /><testcase classname="search.tests.mapwisefox.search.dsl.parser.test_valid_expressions" name="test_individual_valid_expression[16]" time="0.000" /><testcase classname="search.tests.mapwisefox.search.dsl.parser.test_valid_expressions" name="test_individual_valid_expression[17]" time="0.000" /><testcase classname="search.tests.mapwisefox.search.dsl.parser.test_valid_expressions" name="test_individual_valid_expression[18]" time="0.000" /><testcase classname="search.tests.mapwisefox.search.dsl.parser.test_valid_expressions" name="test_individual_valid_expression[19]" time="0.000"><skipped type="pytest.skip" message="Only 19 expressions available">/Users/cusi/Source/github.com/koosie0507/mapwisefox/search/tests/mapwisefox/search/dsl/parser/test_valid_expressions.py:48: Only 19 expressions available</skipped></testcase><testcase classname="search.tests.mapwisefox.search.test_cli" name="test_main_no_config" time="0.001" /><testcase classname="search.tests.mapwisefox.search.test_cli" name="test_main_invalid_config_path" time="0.001" /><testcase classname="search.tests.mapwisefox.search.test_cli" name="test_main_success[AcmDSLAdapter-ConsoleBackend]" time="0.002" /><testcase classname="search.tests.mapwisefox.search.test_cli" name="test_main_success[AcmDSLAdapter-ScienceDirectBackend]" time="0.003" /><testcase classname="search.tests.mapwisefox.search.test_cli" name="test_main_success[AcmDSLAdapter-ScopusBackend]" time="0.001" /><testcase classname="search.tests.mapwisefox.search.test_cli" name="test_main_success[AcmDSLAdapter-SpringerBackend]" time="0.001" /><testcase classname="search.tests.mapwisefox.search.test_cli" name="test_main_success[AcmDSLAdapter-WebOfScienceBackend]" time="0.002" /><testcase classname="search.tests.mapwisefox.search.test_cli" name="test_main_success[ScienceDirectDSLAdapter-ConsoleBackend]" time="0.001" /><testcase classname="search.tests.mapwisefox.search.test_cli" name="test_main_success[ScienceDirectDSLAdapter-ScienceDirectBackend]" time="0.001" /><testcase classname="search.tests.mapwisefox.search.test_cli" name="test_main_success[ScienceDirectDSLAdapter-ScopusBackend]" time="0.002" /><testcase classname="search.tests.mapwisefox.search.test_cli" name="test_main_success[ScienceDirectDSLAdapter-SpringerBackend]" time="0.001" /><testcase classname="search.tests.mapwisefox.search.test_cli" name="test_main_success[ScienceDirectDSLAdapter-WebOfScienceBackend]" time="0.001" /><testcase classname="search.tests.mapwisefox.search.test_cli" name="test_main_success[ScopusDSLAdapter-ConsoleBackend]" time="0.001" /><testcase classname="search.tests.mapwisefox.search.test_cli" name="test_main_success[ScopusDSLAdapter-ScienceDirectBackend]" time="0.001" /><testcase classname="search.tests.mapwisefox.search.test_cli" name="test_main_success[ScopusDSLAdapter-ScopusBackend]" time="0.001" /><testcase classname="search.tests.mapwisefox.search.test_cli" name="test_main_success[ScopusDSLAdapter-SpringerBackend]" time="0.002" /><testcase classname="search.tests.mapwisefox.search.test_cli" name="test_main_success[ScopusDSLAdapter-WebOfScienceBackend]" time="0.001" /><testcase classname="search.tests.mapwisefox.search.test_cli" name="test_main_success[SpringerDSLAdapter-ConsoleBackend]" time="0.001" /><testcase classname="search.tests.mapwisefox.search.test_cli" name="test_main_success[SpringerDSLAdapter-ScienceDirectBackend]" time="0.001" /><testcase classname="search.tests.mapwisefox.search.test_cli" name="test_main_success[SpringerDSLAdapter-ScopusBackend]" time="0.001" /><testcase classname="search.tests.mapwisefox.search.test_cli" name="test_main_success[SpringerDSLAdapter-SpringerBackend]" time="0.001" /><testcase classname="search.tests.mapwisefox.search.test_cli" name="test_main_success[SpringerDSLAdapter-WebOfScienceBackend]" time="0.001" /><testcase classname="search.tests.mapwisefox.search.test_cli" name="test_main_success[WebOfScienceDSLAdapter-ConsoleBackend]" time="0.001" /><testcase classname="search.tests.mapwisefox.search.test_cli" name="test_main_success[WebOfScienceDSLAdapter-ScienceDirectBackend]" time="0.001" /><testcase classname="search.tests.mapwisefox.search.test_cli" name="test_main_success[WebOfScienceDSLAdapter-ScopusBackend]" time="0.002" /><testcase classname="search.tests.mapwisefox.search.test_cli" name="test_main_success[WebOfScienceDSLAdapter-SpringerBackend]" time="0.001" /><testcase classname="search.tests.mapwisefox.search.test_cli" name="test_main_success[WebOfScienceDSLAdapter-WebOfScienceBackend]" time="0.001" /><testcase classname="search.tests.mapwisefox.search.test_cli" name="test_main_success[XploreDSLAdapter-ConsoleBackend]" time="0.001" /><testcase classname="search.tests.mapwisefox.search.test_cli" name="test_main_success[XploreDSLAdapter-ScienceDirectBackend]" time="0.001" /><testcase classname="search.tests.mapwisefox.search.test_cli" name="test_main_success[XploreDSLAdapter-ScopusBackend]" time="0.001" /><testcase classname="search.tests.mapwisefox.search.test_cli" name="test_main_success[XploreDSLAdapter-SpringerBackend]" time="0.001" /><testcase classname="search.tests.mapwisefox.search.test_cli" name="test_main_success[XploreDSLAdapter-WebOfScienceBackend]" time="0.001" /><testcase classname="search.tests.mapwisefox.search.test_cli" name="test_main_data_dir_override[AcmDSLAdapter-ConsoleBackend]" time="0.001" /><testcase classname="search.tests.mapwisefox.search.test_cli" name="test_main_data_dir_override[AcmDSLAdapter-ScienceDirectBackend]" time="0.002" /><testcase classname="search.tests.mapwisefox.search.test_cli" name="test_main_data_dir_override[AcmDSLAdapter-ScopusBackend]" time="0.001" /><testcase classname="search.tests.mapwisefox.search.test_cli" name="test_main_data_dir_override[AcmDSLAdapter-SpringerBackend]" time="0.001" /><testcase classname="search.tests.mapwisefox.search.test_cli" name="test_main_data_dir_override[AcmDSLAdapter-WebOfScienceBackend]" time="0.001" /><testcase classname="search.tests.mapwisefox.search.test_cli" name="test_main_data_dir_override[ScienceDirectDSLAdapter-ConsoleBackend]" time="0.001" /><testcase classname="search.tests.mapwisefox.search.test_cli" name="test_main_data_dir_override[ScienceDirectDSLAdapter-ScienceDirectBackend]" time="0.002" /><testcase classname="search.tests.mapwisefox.search.test_cli" name="test_main_data_dir_override[ScienceDirectDSLAdapter-ScopusBackend]" time="0.002" /><testcase classname="search.tests.mapwisefox.search.test_cli" name="test_main_data_dir_override[ScienceDirectDSLAdapter-SpringerBackend]" time="0.002" /><testcase classname="search.tests.mapwisefox.search.test_cli" name="test_main_data_dir_override[ScienceDirectDSLAdapter-WebOfScienceBackend]" time="0.001" /><testcase classname="search.tests.mapwisefox.search.test_cli" name="test_main_data_dir_override[ScopusDSLAdapter-ConsoleBackend]" time="0.001" /><testcase classname="search.tests.mapwisefox.search.test_cli" name="test_main_data_dir_override[ScopusDSLAdapter-ScienceDirectBackend]" time="0.002" /><testcase classname="search.tests.mapwisefox.search.test_cli" name="test_main_data_dir_override[ScopusDSLAdapter-ScopusBackend]" time="0.001" /><testcase classname="search.tests.mapwisefox.search.test_cli" name="test_main_data_dir_override[ScopusDSLAdapter-SpringerBackend]" time="0.002" /><testcase classname="search.tests.mapwisefox.search.test_cli" name="test_main_data_dir_override[ScopusDSLAdapter-WebOfScienceBackend]" time="0.001" /><testcase classname="search.tests.mapwisefox.search.test_cli" name="test_main_data_dir_override[SpringerDSLAdapter-ConsoleBackend]" time="0.001" /><testcase classname="search.tests.mapwisefox.search.test_cli" name="test_main_data_dir_override[SpringerDSLAdapter-ScienceDirectBackend]" time="0.002" /><testcase classname="search.tests.mapwisefox.search.test_cli" name="test_main_data_dir_override[SpringerDSLAdapter-ScopusBackend]" time="0.001" /><testcase classname="search.tests.mapwisefox.search.test_cli" name="test_main_data_dir_override[SpringerDSLAdapter-SpringerBackend]" time="0.001" /><testcase classname="search.tests.mapwisefox.search.test_cli" name="test_main_data_dir_override[SpringerDSLAdapter-WebOfScienceBackend]" time="0.001" /><testcase classname="search.tests.mapwisefox.search.test_cli" name="test_main_data_dir_override[WebOfScienceDSLAdapter-ConsoleBackend]" time="0.001" /><testcase classname="search.tests.mapwisefox.search.test_cli" name="test_main_data_dir_override[WebOfScienceDSLAdapter-ScienceDirectBackend]" time="0.002" /><testcase classname="search.tests.mapwisefox.search.test_cli" name="test_main_data_dir_override[WebOfScienceDSLAdapter-ScopusBackend]" time="0.002" /><testcase classname="search.tests.mapwisefox.search.test_cli" name="test_main_data_dir_override[WebOfScienceDSLAdapter-SpringerBackend]" time="0.002" /><testcase classname="search.tests.mapwisefox.search.test_cli" name="test_main_data_dir_override[WebOfScienceDSLAdapter-WebOfScienceBackend]" time="0.001" /><testcase classname="search.tests.mapwisefox.search.test_cli" name="test_main_data_dir_override[XploreDSLAdapter-ConsoleBackend]" time="0.001" /><testcase classname="search.tests.mapwisefox.search.test_cli" name="test_main_data_dir_override[XploreDSLAdapter-ScienceDirectBackend]" time="0.002" /><testcase classname="search.tests.mapwisefox.search.test_cli" name="test_main_data_dir_override[XploreDSLAdapter-ScopusBackend]" time="0.002" /><testcase classname="search.tests.mapwisefox.search.test_cli" name="test_main_data_dir_override[XploreDSLAdapter-SpringerBackend]" time="0.002" /><testcase classname="search.tests.mapwisefox.search.test_cli" name="test_main_data_dir_override[XploreDSLAdapter-WebOfScienceBackend]" time="0.001" /><testcase classname="search.tests.mapwisefox.search.test_cli_real_backend_usage" name="test_real_backend_makes_correct_http_request[ScienceDirect-ScienceDirectDSLAdapter-ScienceDirectBackend-MWF_SEARCH_ELSEVIER_API_KEY-https://api.elsevier.com/content/metadata/article-expected_headers0-mock_response0]" time="0.025" /><testcase classname="search.tests.mapwisefox.search.test_cli_real_backend_usage" name="test_real_backend_makes_correct_http_request[Scopus-ScopusDSLAdapter-ScopusBackend-MWF_SEARCH_ELSEVIER_API_KEY-https://api.elsevier.com/content/search/scopus-expected_headers1-mock_response1]" time="0.015" /><testcase classname="search.tests.mapwisefox.search.test_cli_real_backend_usage" name="test_real_backend_makes_correct_http_request[Springer-SpringerDSLAdapter-SpringerBackend-MWF_SEARCH_SPRINGER_API_KEY-https://api.springernature.com/meta/v2/json-expected_headers2-mock_response2]" time="0.014" /><testcase classname="search.tests.mapwisefox.search.test_cli_real_backend_usage" name="test_wos_starter_api_makes_correct_call" time="0.013" /><testcase classname="search.tests.mapwisefox.search.test_cli_usage_example" name="test_basic_usage_cli_exits_successfully" time="0.017" /><testcase classname="search.tests.mapwisefox.search.test_cli_usage_example" name="test_console_output_contains_expected_query_block[AcmDSLAdapter]" time="0.021" /><testcase classname="search.tests.mapwisefox.search.test_cli_usage_example" name="test_console_output_contains_expected_query_block[XploreDSLAdapter]" time="0.021" /><testcase classname="search.tests.mapwisefox.search.test_cli_usage_example" name="test_console_output_contains_expected_query_block[ScienceDirectDSLAdapter]" time="0.021" /><testcase classname="search.tests.mapwisefox.search.test_cli_usage_example" name="test_console_output_contains_expected_query_block[ScopusDSLAdapter]" time="0.020" /><testcase classname="search.tests.mapwisefox.search.test_cli_usage_example" name="test_console_output_contains_expected_query_block[SpringerDSLAdapter]" time="0.021" /><testcase classname="search.tests.mapwisefox.search.test_cli_usage_example" name="test_console_output_contains_expected_query_block[WebOfScienceDSLAdapter]" time="0.021" /><testcase classname="search.tests.mapwisefox.search.test_cli_usage_example" name="test_console_backends_run_in_config_order" time="0.021" /><testcase classname="web.backend.tests.mapwisefox.test_web.model.test_evidence" name="test_init_invalid_date[ajdbc]" time="0.002" /><testcase classname="web.backend.tests.mapwisefox.test_web.model.test_evidence" name="test_init_invalid_date[-2025]" time="0.000" /><testcase classname="web.backend.tests.mapwisefox.test_web.model.test_evidence" name="test_init_invalid_date[0.00013]" time="0.000" /><testcase classname="web.backend.tests.mapwisefox.test_web.model.test_evidence" name="test_init_valid_publication_date[2025-expected0]" time="0.000" /><testcase classname="web.backend.tests.mapwisefox.test_web.model.test_evidence" name="test_init_valid_publication_date[2025-06-expected1]" time="0.000" /><testcase classname="web.backend.tests.mapwisefox.test_web.model.test_evidence" name="test_init_valid_publication_date[2025-06-15-expected2]" time="0.000" /><testcase classname="web.backend.tests.mapwisefox.test_web.model.test_evidence" name="test_init_valid_publication_date[None-None]" time="0.000" /><testcase classname="web.backend.tests.mapwisefox.test_web.model.test_evidence" name="test_init_valid_publication_date[-None]" time="0.000" /><testcase classname="web.backend.tests.mapwisefox.test_web.model.test_evidence" name="test_init_valid_publication_date[\r-None]" time="0.000" /><testcase classname="web.backend.tests.mapwisefox.test_web.model.test_evidence" name="test_init_valid_publication_date[\n-None]" time="0.000" /><testcase classname="web.backend.tests.mapwisefox.test_web.model.test_evidence" name="test_init_valid_publication_date[\t-None]" time="0.000" /><testcase classname="web.backend.tests.mapwisefox.test_web.model.test_evidence" name="test_init_valid_publication_date[ -None]" time="0.000" /><testcase classname="web.backend.tests.mapwisefox.test_web.model.test_evidence" name="test_init_valid_publication_date[nan-None0]" time="0.000" /><testcase classname="web.backend.tests.mapwisefox.test_web.model.test_evidence" name="test_init_valid_publication_date[nan-None1]" time="0.000" /><testcase classname="web.backend.tests.mapwisefox.test_web.model.test_evidence" name="test_init_parses_authors[test-expected0]" time="0.000" /><testcase classname="web.backend.tests.mapwisefox.test_web.model.test_evidence" name="test_init_parses_authors[test1;test2-expected1]" time="0.000" /><testcase classname="web.backend.tests.mapwisefox.test_web.model.test_evidence" name="test_init_parses_authors[test1; test2-expected2]" time="0.000" /><testcase classname="web.backend.tests.mapwisefox.test_web.model.test_evidence" name="test_init_parses_authors[None-expected3]" time="0.000" /><testcase classname="web.backend.tests.mapwisefox.test_web.model.test_evidence" name="test_init_parses_authors[-expected4]" time="0.000" /><testcase classname="web.backend.tests.mapwisefox.test_web.model.test_evidence" name="test_init_parses_keywords[test-expected0]" time="0.000" /><testcase classname="web.backend.tests.mapwisefox.test_web.model.test_evidence" name="test_init_parses_keywords[test1;test2-expected1]" time="0.000" /><testcase classname="web.backend.tests.mapwisefox.test_web.model.test_evidence" name="test_init_parses_keywords[test1; test2-expected2]" time="0.000" /><testcase classname="web.backend.tests.mapwisefox.test_web.model.test_evidence" name="test_init_parses_keywords[None-expected3]" time="0.000" /><testcase classname="web.backend.tests.mapwisefox.test_web.model.test_evidence" name="test_init_parses_keywords[-expected4]" time="0.000" /><testcase classname="web.backend.tests.mapwisefox.test_web.model.test_evidence" name="test_init_parses_referencing_evidence[test-expected0]" time="0.000" /><testcase classname="web.backend.tests.mapwisefox.test_web.model.test_evidence" name="test_init_parses_referencing_evidence[test1;test2-expected1]" time="0.000" /><testcase classname="web.backend.tests.mapwisefox.test_web.model.test_evidence" name="test_init_parses_referencing_evidence[test1; test2-expected2]" time="0.000" /><testcase classname="web.backend.tests.mapwisefox.test_web.model.test_evidence" name="test_init_parses_referencing_evidence[None-expected3]" time="0.000" /><testcase classname="web.backend.tests.mapwisefox.test_web.model.test_evidence" name="test_init_parses_referencing_evidence[-expected4]" time="0.000" /><testcase classname="web.backend.tests.mapwisefox.test_web.model.test_evidence" name="test_init_parses_exclude_reasons[test-expected0]" time="0.000" /><testcase classname="web.backend.tests.mapwisefox.test_web.model.test_evidence" name="test_init_parses_exclude_reasons[test1;test2-expected1]" time="0.000" /><testcase classname="web.backend.tests.mapwisefox.test_web.model.test_evidence" name="test_init_parses_exclude_reasons[test1; test2-expected2]" time="0.000" /><testcase classname="web.backend.tests.mapwisefox.test_web.model.test_evidence" name="test_init_parses_exclude_reasons[None-expected3]" time="0.000" /><testcase classname="web.backend.tests.mapwisefox.test_web.model.test_evidence" name="test_init_parses_exclude_reasons[-expected4]" time="0.000" /><testcase classname="web.backend.tests.mapwisefox.test_web.model.test_evidence" name="test_init_parses_includes[True-True0]" time="0.000" /><testcase classname="web.backend.tests.mapwisefox.test_web.model.test_evidence" name="test_init_parses_includes[False-False0]" time="0.000" /><testcase classname="web.backend.tests.mapwisefox.test_web.model.test_evidence" name="test_init_parses_includes[yes-True]" time="0.000" /><testcase classname="web.backend.tests.mapwisefox.test_web.model.test_evidence" name="test_init_parses_includes[no-False]" time="0.000" /><testcase classname="web.backend.tests.mapwisefox.test_web.model.test_evidence" name="test_init_parses_includes[True-True1]" time="0.000" /><testcase classname="web.backend.tests.mapwisefox.test_web.model.test_evidence" name="test_init_parses_includes[False-False1]" time="0.000" /><testcase classname="web.backend.tests.mapwisefox.test_web.model.test_evidence" name="test_init_parses_includes[true-True]" time="0.000" /><testcase classname="web.backend.tests.mapwisefox.test_web.model.test_evidence" name="test_init_parses_includes[false-False]" time="0.000" /><testcase classname="web.backend.tests.mapwisefox.test_web.model.test_evidence" name="test_init_parses_includes[include-True]" time="0.000" /><testcase classname="web.backend.tests.mapwisefox.test_web.model.test_evidence" name="test_init_parses_includes[exclude-False]" time="0.000" /><testcase classname="web.backend.tests.mapwisefox.test_web.model.test_evidence" name="test_init_parses_includes[Include-True]" time="0.000" /><testcase classname="web.backend.tests.mapwisefox.test_web.model.test_evidence" name="test_init_parses_includes[Exclude-False]" time="0.000" /><testcase classname="web.backend.tests.mapwisefox.test_web.model.test_evidence" name="test_init_parses_includes[1-True]" time="0.000" /><testcase classname="web.backend.tests.mapwisefox.test_web.model.test_evidence" name="test_init_parses_includes[0-False]" time="0.000" /><testcase classname="web.backend.tests.mapwisefox.test_web.model.test_evidence" name="test_init_parses_includes[y-True]" time="0.000" /><testcase classname="web.backend.tests.mapwisefox.test_web.model.test_evidence" name="test_init_parses_includes[n-False]" time="0.000" /><testcase classname="web.backend.tests.mapwisefox.test_web.model.test_evidence" name="test_init_parses_includes[t-True]" time="0.000" /><testcase classname="web.backend.tests.mapwisefox.test_web.model.test_evidence" name="test_init_parses_includes[f-False]" time="0.000" /><testcase classname="web.backend.tests.mapwisefox.test_web.model.test_evidence" name="test_init_parses_includes[None-False]" time="0.000" /><testcase classname="web.backend.tests.mapwisefox.test_web.model.test_evidence" name="test_init_parses_includes[-False]" time="0.000" /><testcase classname="web.backend.tests.mapwisefox.test_web.model.test_evidence" name="test_init_parses_has_pdf[True-True0]" time="0.000" /><testcase classname="web.backend.tests.mapwisefox.test_web.model.test_evidence" name="test_init_parses_has_pdf[False-False0]" time="0.000" /><testcase classname="web.backend.tests.mapwisefox.test_web.model.test_evidence" name="test_init_parses_has_pdf[yes-True]" time="0.000" /><testcase classname="web.backend.tests.mapwisefox.test_web.model.test_evidence" name="test_init_parses_has_pdf[no-False]" time="0.000" /><testcase classname="web.backend.tests.mapwisefox.test_web.model.test_evidence" name="test_init_parses_has_pdf[True-True1]" time="0.000" /><testcase classname="web.backend.tests.mapwisefox.test_web.model.test_evidence" name="test_init_parses_has_pdf[False-False1]" time="0.000" /><testcase classname="web.backend.tests.mapwisefox.test_web.model.test_evidence" name="test_init_parses_has_pdf[true-True]" time="0.000" /><testcase classname="web.backend.tests.mapwisefox.test_web.model.test_evidence" name="test_init_parses_has_pdf[false-False]" time="0.000" /><testcase classname="web.backend.tests.mapwisefox.test_web.model.test_evidence" name="test_init_parses_has_pdf[include-True]" time="0.000" /><testcase classname="web.backend.tests.mapwisefox.test_web.model.test_evidence" name="test_init_parses_has_pdf[exclude-False]" time="0.000" /><testcase classname="web.backend.tests.mapwisefox.test_web.model.test_evidence" name="test_init_parses_has_pdf[Include-True]" time="0.000" /><testcase classname="web.backend.tests.mapwisefox.test_web.model.test_evidence" name="test_init_parses_has_pdf[Exclude-False]" time="0.000" /><testcase classname="web.backend.tests.mapwisefox.test_web.model.test_evidence" name="test_init_parses_has_pdf[1-True]" time="0.000" /><testcase classname="web.backend.tests.mapwisefox.test_web.model.test_evidence" name="test_init_parses_has_pdf[0-False]" time="0.000" /><testcase classname="web.backend.tests.mapwisefox.test_web.model.test_evidence" name="test_init_parses_has_pdf[y-True]" time="0.000" /><testcase classname="web.backend.tests.mapwisefox.test_web.model.test_evidence" name="test_init_parses_has_pdf[n-False]" time="0.000" /><testcase classname="web.backend.tests.mapwisefox.test_web.model.test_evidence" name="test_init_parses_has_pdf[t-True]" time="0.000" /><testcase classname="web.backend.tests.mapwisefox.test_web.model.test_evidence" name="test_init_parses_has_pdf[f-False]" time="0.000" /><testcase classname="web.backend.tests.mapwisefox.test_web.model.test_evidence" name="test_init_parses_has_pdf[None-False]" time="0.000" /><testcase classname="web.backend.tests.mapwisefox.test_web.model.test_evidence" name="test_init_parses_has_pdf[-False]" time="0.000" /><testcase classname="web.backend.tests.mapwisefox.test_web.model.test_pandas_repo" name="test_init_pandas_repo[Sheet1]" time="0.087" /><testcase classname="web.backend.tests.mapwisefox.test_web.model.test_pandas_repo" name="test_init_pandas_repo[FinalSelection]" time="0.011" /><testcase classname="web.backend.tests.mapwisefox.test_web.model.test_pandas_repo" name="test_init_pandas_repo[ExtraColumns]" time="0.082" /><testcase classname="web.backend.tests.mapwisefox.test_web.model.test_pandas_repo" name="test_init_pandas_repo[WithReferences]" time="0.027" /><testcase classname="web.backend.tests.mapwisefox.test_web.model.test_pandas_repo" name="test_init_pandas_repo[WithoutClusterId1]" time="0.031" /><testcase classname="web.backend.tests.mapwisefox.test_web.model.test_pandas_repo" name="test_init_pandas_repo[WithoutClusterId2]" time="0.030" /><testcase classname="web.backend.tests.mapwisefox.test_web.model.test_pandas_repo" name="test_init_pandas_repo_infers_cluster_id_automatically[Sheet1]" time="0.080" /><testcase classname="web.backend.tests.mapwisefox.test_web.model.test_pandas_repo" name="test_init_pandas_repo_infers_cluster_id_automatically[FinalSelection]" time="0.010" /><testcase classname="web.backend.tests.mapwisefox.test_web.model.test_pandas_repo" name="test_init_pandas_repo_infers_cluster_id_automatically[ExtraColumns]" time="0.081" /><testcase classname="web.backend.tests.mapwisefox.test_web.model.test_pandas_repo" name="test_init_pandas_repo_infers_cluster_id_automatically[WithReferences]" time="0.028" /><testcase classname="web.backend.tests.mapwisefox.test_web.model.test_pandas_repo" name="test_init_pandas_repo_infers_cluster_id_automatically[WithoutClusterId1]" time="0.031" /><testcase classname="web.backend.tests.mapwisefox.test_web.model.test_pandas_repo" name="test_init_pandas_repo_infers_cluster_id_automatically[WithoutClusterId2]" time="0.031" /><testcase classname="web.backend.tests.mapwisefox.test_web.model.test_pandas_repo" name="test_get_existing_id" time="0.082" /><testcase classname="web.backend.tests.mapwisefox.test_web.model.test_pandas_repo" name="test_get_non_existing_id" time="0.083" /><testcase classname="web.backend.tests.mapwisefox.test_web.model.test_pandas_repo" name="test_update_persists_data" time="0.720" /><testcase classname="web.backend.tests.mapwisefox.test_web.model.test_pandas_repo" name="test_update_calls_to_excel" time="0.660" /><testcase classname="web.backend.tests.mapwisefox.test_web.model.test_pandas_repo" name="test_update_non_existent_cluster_id" time="0.081" /><testcase classname="web.backend.tests.mapwisefox.test_web.model.test_pandas_repo" name="test_navigate_to_first_always_returns_min_id[-1]" time="0.164" /><testcase classname="web.backend.tests.mapwisefox.test_web.model.test_pandas_repo" name="test_navigate_to_first_always_returns_min_id[0]" time="0.161" /><testcase classname="web.backend.tests.mapwisefox.test_web.model.test_pandas_repo" name="test_navigate_to_first_always_returns_min_id[1]" time="0.164" /><testcase classname="web.backend.tests.mapwisefox.test_web.model.test_pandas_repo" name="test_navigate_to_last_always_returns_max_id[-1]" time="0.162" /><testcase classname="web.backend.tests.mapwisefox.test_web.model.test_pandas_repo" name="test_navigate_to_last_always_returns_max_id[0]" time="0.163" /><testcase classname="web.backend.tests.mapwisefox.test_web.model.test_pandas_repo" name="test_navigate_to_last_always_returns_max_id[1]" time="0.163" /><testcase classname="web.backend.tests.mapwisefox.test_web.model.test_pandas_repo" name="test_navigate_to_last_empty_sheet_returns_negative[Empty-first]" time="0.006" /><testcase classname="web.backend.tests.mapwisefox.test_web.model.test_pandas_repo" name="test_navigate_to_last_empty_sheet_returns_negative[Empty-prev]" time="0.007" /><testcase classname="web.backend.tests.mapwisefox.test_web.model.test_pandas_repo" name="test_navigate_to_last_empty_sheet_returns_negative[Empty-next]" time="0.093" /><testcase classname="web.backend.tests.mapwisefox.test_web.model.test_pandas_repo" name="test_navigate_to_last_empty_sheet_returns_negative[Empty-last]" time="0.006" /><testcase classname="web.backend.tests.mapwisefox.test_web.model.test_pandas_repo" name="test_navigate_to_last_empty_sheet_returns_negative[Empty-unfilled]" time="0.007" /><testcase classname="web.backend.tests.mapwisefox.test_web.model.test_pandas_repo" name="test_navigate_prev_returns_negative_for_first_item" time="0.080" /><testcase classname="web.backend.tests.mapwisefox.test_web.model.test_pandas_repo" name="test_navigate_prev_returns_previous_id" time="0.160" /><testcase classname="web.backend.tests.mapwisefox.test_web.model.test_pandas_repo" name="test_navigate_next_returns_next_id" time="0.162" /><testcase classname="web.backend.tests.mapwisefox.test_web.model.test_pandas_repo" name="test_navigate_next_prev_returns_starting_id" time="0.084" /><testcase classname="web.backend.tests.mapwisefox.test_web.model.test_pandas_repo" name="test_navigate_prev_next_returns_starting_id" time="0.084" /><testcase classname="web.backend.tests.mapwisefox.test_web.model.test_pandas_repo" name="test_navigate_prev_oob_last_returns_last" time="0.082" /><testcase classname="web.backend.tests.mapwisefox.test_web.model.test_pandas_repo" name="test_navigate_next_oob_first_returns_first" time="0.082" /></testsuite></testsuites>